  Determining projects to restore...
  All projects are up-to-date for restore.
C:\Users\Regin\source\repos\se-hr-certification-portal\Pages\Requests\Index.cshtml(143,14): error RZ1006: The foreach block is missing a closing "}" character.  Make sure you have a matching "}" character for all the "{" characters within this block, and that none of the "}" characters are being interpreted as markup. [C:\Users\Regin\source\repos\se-hr-certification-portal\SeHrCertificationPortal.csproj]
C:\Users\Regin\source\repos\se-hr-certification-portal\Pages\Requests\Index.cshtml(144,18): error RZ1025: The "tr" element was not closed.  All elements must be either self-closing or have a matching end tag. [C:\Users\Regin\source\repos\se-hr-certification-portal\SeHrCertificationPortal.csproj]
C:\Users\Regin\source\repos\se-hr-certification-portal\Pages\Requests\Index.cshtml(179,26): error RZ1034: Found a malformed 'form' tag helper. Tag helpers must have a start and end tag or be self closing. [C:\Users\Regin\source\repos\se-hr-certification-portal\SeHrCertificationPortal.csproj]
C:\Users\Regin\source\repos\se-hr-certification-portal\Pages\Requests\Index.cshtml(203,27): error RZ1026: Encountered end tag "form" with no matching start tag.  Are your start/end tags properly balanced? [C:\Users\Regin\source\repos\se-hr-certification-portal\SeHrCertificationPortal.csproj]
C:\Users\Regin\source\repos\se-hr-certification-portal\Pages\Requests\Index.cshtml(203,27): error RZ1034: Found a malformed 'form' tag helper. Tag helpers must have a start and end tag or be self closing. [C:\Users\Regin\source\repos\se-hr-certification-portal\SeHrCertificationPortal.csproj]
C:\Users\Regin\source\repos\se-hr-certification-portal\Pages\Requests\Index.cshtml(204,23): error RZ1026: Encountered end tag "td" with no matching start tag.  Are your start/end tags properly balanced? [C:\Users\Regin\source\repos\se-hr-certification-portal\SeHrCertificationPortal.csproj]
C:\Users\Regin\source\repos\se-hr-certification-portal\Pages\Requests\Index.cshtml(205,19): error RZ1026: Encountered end tag "tr" with no matching start tag.  Are your start/end tags properly balanced? [C:\Users\Regin\source\repos\se-hr-certification-portal\SeHrCertificationPortal.csproj]
C:\Users\Regin\source\repos\se-hr-certification-portal\Pages\Requests\Index.cshtml(208,11): error RZ1026: Encountered end tag "table" with no matching start tag.  Are your start/end tags properly balanced? [C:\Users\Regin\source\repos\se-hr-certification-portal\SeHrCertificationPortal.csproj]
C:\Users\Regin\source\repos\se-hr-certification-portal\Pages\Requests\Index.cshtml(209,7): error RZ1026: Encountered end tag "div" with no matching start tag.  Are your start/end tags properly balanced? [C:\Users\Regin\source\repos\se-hr-certification-portal\SeHrCertificationPortal.csproj]
C:\Users\Regin\source\repos\se-hr-certification-portal\Pages\Requests\Index.cshtml(241,3): error RZ1026: Encountered end tag "div" with no matching start tag.  Are your start/end tags properly balanced? [C:\Users\Regin\source\repos\se-hr-certification-portal\SeHrCertificationPortal.csproj]
C:\Users\Regin\source\repos\se-hr-certification-portal\Pages\Requests\Index.cshtml(243,2): error RZ1006: The foreach block is missing a closing "}" character.  Make sure you have a matching "}" character for all the "{" characters within this block, and that none of the "}" characters are being interpreted as markup. [C:\Users\Regin\source\repos\se-hr-certification-portal\SeHrCertificationPortal.csproj]
C:\Users\Regin\source\repos\se-hr-certification-portal\Pages\Requests\Index.cshtml(245,5): error RZ1006: The if block is missing a closing "}" character.  Make sure you have a matching "}" character for all the "{" characters within this block, and that none of the "}" characters are being interpreted as markup. [C:\Users\Regin\source\repos\se-hr-certification-portal\SeHrCertificationPortal.csproj]
C:\Users\Regin\source\repos\se-hr-certification-portal\Pages\Requests\Index.cshtml(248,10): error RZ1025: The "div" element was not closed.  All elements must be either self-closing or have a matching end tag. [C:\Users\Regin\source\repos\se-hr-certification-portal\SeHrCertificationPortal.csproj]
C:\Users\Regin\source\repos\se-hr-certification-portal\obj\Debug\net10.0\Microsoft.CodeAnalysis.Razor.Compiler\Microsoft.NET.Sdk.Razor.SourceGenerators.RazorSourceGenerator\Pages_Requests_Index_cshtml.g.cs(2036,60): error CS0116: A namespace cannot directly contain members such as fields, methods or statements [C:\Users\Regin\source\repos\se-hr-certification-portal\SeHrCertificationPortal.csproj]
C:\Users\Regin\source\repos\se-hr-certification-portal\obj\Debug\net10.0\Microsoft.CodeAnalysis.Razor.Compiler\Microsoft.NET.Sdk.Razor.SourceGenerators.RazorSourceGenerator\Pages_Requests_Index_cshtml.g.cs(2040,70): error CS0116: A namespace cannot directly contain members such as fields, methods or statements [C:\Users\Regin\source\repos\se-hr-certification-portal\SeHrCertificationPortal.csproj]
C:\Users\Regin\source\repos\se-hr-certification-portal\obj\Debug\net10.0\Microsoft.CodeAnalysis.Razor.Compiler\Microsoft.NET.Sdk.Razor.SourceGenerators.RazorSourceGenerator\Pages_Requests_Index_cshtml.g.cs(2044,71): error CS0116: A namespace cannot directly contain members such as fields, methods or statements [C:\Users\Regin\source\repos\se-hr-certification-portal\SeHrCertificationPortal.csproj]
C:\Users\Regin\source\repos\se-hr-certification-portal\obj\Debug\net10.0\Microsoft.CodeAnalysis.Razor.Compiler\Microsoft.NET.Sdk.Razor.SourceGenerators.RazorSourceGenerator\Pages_Requests_Index_cshtml.g.cs(2048,122): error CS0116: A namespace cannot directly contain members such as fields, methods or statements [C:\Users\Regin\source\repos\se-hr-certification-portal\SeHrCertificationPortal.csproj]
C:\Users\Regin\source\repos\se-hr-certification-portal\obj\Debug\net10.0\Microsoft.CodeAnalysis.Razor.Compiler\Microsoft.NET.Sdk.Razor.SourceGenerators.RazorSourceGenerator\Pages_Requests_Index_cshtml.g.cs(2051,124): error CS0116: A namespace cannot directly contain members such as fields, methods or statements [C:\Users\Regin\source\repos\se-hr-certification-portal\SeHrCertificationPortal.csproj]
C:\Users\Regin\source\repos\se-hr-certification-portal\obj\Debug\net10.0\Microsoft.CodeAnalysis.Razor.Compiler\Microsoft.NET.Sdk.Razor.SourceGenerators.RazorSourceGenerator\Pages_Requests_Index_cshtml.g.cs(2061,10): error CS0116: A namespace cannot directly contain members such as fields, methods or statements [C:\Users\Regin\source\repos\se-hr-certification-portal\SeHrCertificationPortal.csproj]

Build FAILED.

C:\Users\Regin\source\repos\se-hr-certification-portal\Pages\Requests\Index.cshtml(143,14): error RZ1006: The foreach block is missing a closing "}" character.  Make sure you have a matching "}" character for all the "{" characters within this block, and that none of the "}" characters are being interpreted as markup. [C:\Users\Regin\source\repos\se-hr-certification-portal\SeHrCertificationPortal.csproj]
C:\Users\Regin\source\repos\se-hr-certification-portal\Pages\Requests\Index.cshtml(144,18): error RZ1025: The "tr" element was not closed.  All elements must be either self-closing or have a matching end tag. [C:\Users\Regin\source\repos\se-hr-certification-portal\SeHrCertificationPortal.csproj]
C:\Users\Regin\source\repos\se-hr-certification-portal\Pages\Requests\Index.cshtml(179,26): error RZ1034: Found a malformed 'form' tag helper. Tag helpers must have a start and end tag or be self closing. [C:\Users\Regin\source\repos\se-hr-certification-portal\SeHrCertificationPortal.csproj]
C:\Users\Regin\source\repos\se-hr-certification-portal\Pages\Requests\Index.cshtml(203,27): error RZ1026: Encountered end tag "form" with no matching start tag.  Are your start/end tags properly balanced? [C:\Users\Regin\source\repos\se-hr-certification-portal\SeHrCertificationPortal.csproj]
C:\Users\Regin\source\repos\se-hr-certification-portal\Pages\Requests\Index.cshtml(203,27): error RZ1034: Found a malformed 'form' tag helper. Tag helpers must have a start and end tag or be self closing. [C:\Users\Regin\source\repos\se-hr-certification-portal\SeHrCertificationPortal.csproj]
C:\Users\Regin\source\repos\se-hr-certification-portal\Pages\Requests\Index.cshtml(204,23): error RZ1026: Encountered end tag "td" with no matching start tag.  Are your start/end tags properly balanced? [C:\Users\Regin\source\repos\se-hr-certification-portal\SeHrCertificationPortal.csproj]
C:\Users\Regin\source\repos\se-hr-certification-portal\Pages\Requests\Index.cshtml(205,19): error RZ1026: Encountered end tag "tr" with no matching start tag.  Are your start/end tags properly balanced? [C:\Users\Regin\source\repos\se-hr-certification-portal\SeHrCertificationPortal.csproj]
C:\Users\Regin\source\repos\se-hr-certification-portal\Pages\Requests\Index.cshtml(208,11): error RZ1026: Encountered end tag "table" with no matching start tag.  Are your start/end tags properly balanced? [C:\Users\Regin\source\repos\se-hr-certification-portal\SeHrCertificationPortal.csproj]
C:\Users\Regin\source\repos\se-hr-certification-portal\Pages\Requests\Index.cshtml(209,7): error RZ1026: Encountered end tag "div" with no matching start tag.  Are your start/end tags properly balanced? [C:\Users\Regin\source\repos\se-hr-certification-portal\SeHrCertificationPortal.csproj]
C:\Users\Regin\source\repos\se-hr-certification-portal\Pages\Requests\Index.cshtml(241,3): error RZ1026: Encountered end tag "div" with no matching start tag.  Are your start/end tags properly balanced? [C:\Users\Regin\source\repos\se-hr-certification-portal\SeHrCertificationPortal.csproj]
C:\Users\Regin\source\repos\se-hr-certification-portal\Pages\Requests\Index.cshtml(243,2): error RZ1006: The foreach block is missing a closing "}" character.  Make sure you have a matching "}" character for all the "{" characters within this block, and that none of the "}" characters are being interpreted as markup. [C:\Users\Regin\source\repos\se-hr-certification-portal\SeHrCertificationPortal.csproj]
C:\Users\Regin\source\repos\se-hr-certification-portal\Pages\Requests\Index.cshtml(245,5): error RZ1006: The if block is missing a closing "}" character.  Make sure you have a matching "}" character for all the "{" characters within this block, and that none of the "}" characters are being interpreted as markup. [C:\Users\Regin\source\repos\se-hr-certification-portal\SeHrCertificationPortal.csproj]
C:\Users\Regin\source\repos\se-hr-certification-portal\Pages\Requests\Index.cshtml(248,10): error RZ1025: The "div" element was not closed.  All elements must be either self-closing or have a matching end tag. [C:\Users\Regin\source\repos\se-hr-certification-portal\SeHrCertificationPortal.csproj]
C:\Users\Regin\source\repos\se-hr-certification-portal\obj\Debug\net10.0\Microsoft.CodeAnalysis.Razor.Compiler\Microsoft.NET.Sdk.Razor.SourceGenerators.RazorSourceGenerator\Pages_Requests_Index_cshtml.g.cs(2036,60): error CS0116: A namespace cannot directly contain members such as fields, methods or statements [C:\Users\Regin\source\repos\se-hr-certification-portal\SeHrCertificationPortal.csproj]
C:\Users\Regin\source\repos\se-hr-certification-portal\obj\Debug\net10.0\Microsoft.CodeAnalysis.Razor.Compiler\Microsoft.NET.Sdk.Razor.SourceGenerators.RazorSourceGenerator\Pages_Requests_Index_cshtml.g.cs(2040,70): error CS0116: A namespace cannot directly contain members such as fields, methods or statements [C:\Users\Regin\source\repos\se-hr-certification-portal\SeHrCertificationPortal.csproj]
C:\Users\Regin\source\repos\se-hr-certification-portal\obj\Debug\net10.0\Microsoft.CodeAnalysis.Razor.Compiler\Microsoft.NET.Sdk.Razor.SourceGenerators.RazorSourceGenerator\Pages_Requests_Index_cshtml.g.cs(2044,71): error CS0116: A namespace cannot directly contain members such as fields, methods or statements [C:\Users\Regin\source\repos\se-hr-certification-portal\SeHrCertificationPortal.csproj]
C:\Users\Regin\source\repos\se-hr-certification-portal\obj\Debug\net10.0\Microsoft.CodeAnalysis.Razor.Compiler\Microsoft.NET.Sdk.Razor.SourceGenerators.RazorSourceGenerator\Pages_Requests_Index_cshtml.g.cs(2048,122): error CS0116: A namespace cannot directly contain members such as fields, methods or statements [C:\Users\Regin\source\repos\se-hr-certification-portal\SeHrCertificationPortal.csproj]
C:\Users\Regin\source\repos\se-hr-certification-portal\obj\Debug\net10.0\Microsoft.CodeAnalysis.Razor.Compiler\Microsoft.NET.Sdk.Razor.SourceGenerators.RazorSourceGenerator\Pages_Requests_Index_cshtml.g.cs(2051,124): error CS0116: A namespace cannot directly contain members such as fields, methods or statements [C:\Users\Regin\source\repos\se-hr-certification-portal\SeHrCertificationPortal.csproj]
C:\Users\Regin\source\repos\se-hr-certification-portal\obj\Debug\net10.0\Microsoft.CodeAnalysis.Razor.Compiler\Microsoft.NET.Sdk.Razor.SourceGenerators.RazorSourceGenerator\Pages_Requests_Index_cshtml.g.cs(2061,10): error CS0116: A namespace cannot directly contain members such as fields, methods or statements [C:\Users\Regin\source\repos\se-hr-certification-portal\SeHrCertificationPortal.csproj]
    0 Warning(s)
    19 Error(s)

Time Elapsed 00:00:02.53
