  Determining projects to restore...
  All projects are up-to-date for restore.
C:\Users\Regin\source\repos\se-hr-certification-portal\Pages\Requests\Index.cshtml.cs(272,33): error CS1929: 'TextBlockDescriptor' does not contain a definition for 'AlignMiddle' and the best extension method overload 'AlignmentExtensions.AlignMiddle(IContainer)' requires a receiver of type 'QuestPDF.Infrastructure.IContainer' [C:\Users\Regin\source\repos\se-hr-certification-portal\SeHrCertificationPortal.csproj]
C:\Users\Regin\source\repos\se-hr-certification-portal\Pages\Requests\Index.cshtml.cs(284,29): error CS1929: 'TextBlockDescriptor' does not contain a definition for 'PaddingBottom' and the best extension method overload 'PaddingExtensions.PaddingBottom(IContainer, float, Unit)' requires a receiver of type 'QuestPDF.Infrastructure.IContainer' [C:\Users\Regin\source\repos\se-hr-certification-portal\SeHrCertificationPortal.csproj]
C:\Users\Regin\source\repos\se-hr-certification-portal\Pages\Requests\Index.cshtml.cs(296,29): error CS1929: 'TextBlockDescriptor' does not contain a definition for 'PaddingRight' and the best extension method overload 'PaddingExtensions.PaddingRight(IContainer, float, Unit)' requires a receiver of type 'QuestPDF.Infrastructure.IContainer' [C:\Users\Regin\source\repos\se-hr-certification-portal\SeHrCertificationPortal.csproj]
C:\Users\Regin\source\repos\se-hr-certification-portal\Pages\Requests\Index.cshtml.cs(317,29): error CS1929: 'TextBlockDescriptor' does not contain a definition for 'PaddingBottom' and the best extension method overload 'PaddingExtensions.PaddingBottom(IContainer, float, Unit)' requires a receiver of type 'QuestPDF.Infrastructure.IContainer' [C:\Users\Regin\source\repos\se-hr-certification-portal\SeHrCertificationPortal.csproj]

Build FAILED.

C:\Users\Regin\source\repos\se-hr-certification-portal\Pages\Requests\Index.cshtml.cs(272,33): error CS1929: 'TextBlockDescriptor' does not contain a definition for 'AlignMiddle' and the best extension method overload 'AlignmentExtensions.AlignMiddle(IContainer)' requires a receiver of type 'QuestPDF.Infrastructure.IContainer' [C:\Users\Regin\source\repos\se-hr-certification-portal\SeHrCertificationPortal.csproj]
C:\Users\Regin\source\repos\se-hr-certification-portal\Pages\Requests\Index.cshtml.cs(284,29): error CS1929: 'TextBlockDescriptor' does not contain a definition for 'PaddingBottom' and the best extension method overload 'PaddingExtensions.PaddingBottom(IContainer, float, Unit)' requires a receiver of type 'QuestPDF.Infrastructure.IContainer' [C:\Users\Regin\source\repos\se-hr-certification-portal\SeHrCertificationPortal.csproj]
C:\Users\Regin\source\repos\se-hr-certification-portal\Pages\Requests\Index.cshtml.cs(296,29): error CS1929: 'TextBlockDescriptor' does not contain a definition for 'PaddingRight' and the best extension method overload 'PaddingExtensions.PaddingRight(IContainer, float, Unit)' requires a receiver of type 'QuestPDF.Infrastructure.IContainer' [C:\Users\Regin\source\repos\se-hr-certification-portal\SeHrCertificationPortal.csproj]
C:\Users\Regin\source\repos\se-hr-certification-portal\Pages\Requests\Index.cshtml.cs(317,29): error CS1929: 'TextBlockDescriptor' does not contain a definition for 'PaddingBottom' and the best extension method overload 'PaddingExtensions.PaddingBottom(IContainer, float, Unit)' requires a receiver of type 'QuestPDF.Infrastructure.IContainer' [C:\Users\Regin\source\repos\se-hr-certification-portal\SeHrCertificationPortal.csproj]
    0 Warning(s)
    4 Error(s)

Time Elapsed 00:00:02.66
